<xsd:complexType>
  <xsd:sequence>
    <xsd:element name="response" type="xsd:decimal">
      <xsd:annotation>
        <xsd:appinfo>
          <xrd:title>Random response</xrd:title>
        </xsd:appinfo>
      </xsd:annotation>
    </xsd:element>
  </xsd:sequence>
</xsd:complexType>
