<wsdl:binding xmlns:tns="http://andmed.x-road.ee/producer" name="bindingName" type="tns:bindingType">
<soap:binding style="document" transport="http://schemas.xmlsoap.org/soap/http" />
<wsdl:operation name="bindingOp">
<soap:operation soapAction="" style="document"/>
<xrd:version>v1</xrd:version>
<wsdl:input>
<soap:body parts="body" use="literal"/>
<soap:header message="tns:standardheader" part="consumer" use="literal"/>
<soap:header message="tns:standardheader" part="producer" use="literal"/>
<soap:header message="tns:standardheader" part="userId" use="literal"/>
<soap:header message="tns:standardheader" part="id" use="literal"/>
<soap:header message="tns:standardheader" part="service" use="literal"/>
</wsdl:input>
<wsdl:output>
<soap:body parts="body" use="literal"/>
<soap:header message="tns:standardheader" part="consumer" use="literal"/>
<soap:header message="tns:standardheader" part="producer" use="literal"/>
<soap:header message="tns:standardheader" part="userId" use="literal"/>
<soap:header message="tns:standardheader" part="id" use="literal"/>
<soap:header message="tns:standardheader" part="service" use="literal"/>
</wsdl:output>
</wsdl:operation>
</wsdl:binding>
